2025-11-15 16:22:17,678 - api_server - INFO - æ­£åœ¨åˆå§‹åŒ–CozeèŠå¤©æœºå™¨äººAPIæœåŠ¡å™¨...
2025-11-15 16:22:17,804 - api_server - INFO - CozeèŠå¤©æœºå™¨äººAPIæœåŠ¡å™¨åˆå§‹åŒ–å®Œæˆ
2025-11-15 16:22:17,805 - api_server - INFO - å½“å‰Bot ID: 7556487944182169641
2025-11-15 16:22:17,805 - api_server - INFO - æœåŠ¡å™¨é…ç½®: {'host': '0.0.0.0', 'port': 8000, 'debug': False, 'allowed_origins': ['*'], 'max_request_size': 10485760}
2025-11-15 16:22:18,569 - api_server - INFO - åŒæ­¥èŠå¤©è¯·æ±‚ - session_id: session_d255df8a4540, user_id: user_demo_10086, message: æˆ‘æ˜¯ä¸€åå­¦ç”Ÿï¼Œæœ€è¿‘è€ƒè¯•å‹åŠ›å¾ˆå¤§ï¼Œæ™šä¸Šç¡ä¸ç€è§‰ï¼Œè¯¥æ€ä¹ˆè°ƒèŠ‚ï¼Ÿ...
2025-11-15 16:22:31,434 - api_server - INFO - åŒæ­¥èŠå¤©å“åº” - session_id: session_d255df8a4540, conv_id: 757286459715015..., response: (ï½¡ï½¥âˆ€ï½¥)ï¾‰ï¾å—¨ äº²çˆ±çš„åŒå­¦ï½å¬åˆ°ä½ å› ä¸ºè€ƒè¯•å‹åŠ›å¤§è€Œå¤±çœ ï¼Œæˆ‘çœŸçš„å¾ˆå¿ƒç–¼ä½ å‘¢ ğŸ˜”

ä½œä¸ºä¸€åå­¦ç”Ÿï¼Œé¢...
2025-11-15 16:22:31,442 - api_server - INFO - æµå¼èŠå¤©è¯·æ±‚ - session_id: session_d255df8a4540, user_id: user_demo_10086, conv_id: 757286459715015, message: ä½ èƒ½å…·ä½“è¯´è¯´æ—¶é—´ç®¡ç†çš„æ–¹æ³•å—ï¼Ÿæ¯”å¦‚æ€ä¹ˆå¹³è¡¡å¤ä¹ å’Œä¼‘æ¯ï¼Ÿ...
2025-11-15 16:22:31,449 - api_server - INFO - æµå¼èŠå¤© - æ‰‹åŠ¨ç»‘å®šä¼šè¯ID: 757286459715015...
2025-11-15 16:22:50,612 - api_server - INFO - æµå¼èŠå¤©å®Œæˆ - session_id: session_d255df8a4540, conv_id: 757286459715015..., total_chunks: 316
2025-11-15 16:22:50,616 - api_server - INFO - ä¼šè¯ç»‘å®šæˆåŠŸ - session_id: session_d255df8a4540, conversation_id: 757286459715015...
2025-11-15 16:22:50,627 - api_server - INFO - ä¼šè¯æ¸…é™¤æˆåŠŸ - session_id: session_d255df8a4540, conv_id: 757286459715015
2025-11-15 16:22:50,636 - api_server - INFO - åŒæ­¥èŠå¤© - æ‰‹åŠ¨ä¼ å…¥ä¼šè¯ID: invalid_123...
2025-11-15 16:22:50,636 - api_server - INFO - åŒæ­¥èŠå¤©è¯·æ±‚ - session_id: session_1cb8b5fe1460, user_id: user_demo_10086, message: æµ‹è¯•æ— æ•ˆä¼šè¯ID...
2025-11-15 16:22:51,635 - api_server - ERROR - åŒæ­¥èŠå¤©å¤„ç†å¤±è´¥: 
âŒ åˆ›å»ºChatå¤±è´¥ï¼
é”™è¯¯ç±»å‹: Exception
é”™è¯¯æè¿°: åˆ›å»ºChatå¤±è´¥ï¼šcode=4000, msg=The field conversation_id=invalid_123 provided is not a valid int64. Please check your input.
å¼‚å¸¸å †æ ˆ:
Traceback (most recent call last):
  File "D:\hku\NLP\project\Health-Agent\mental\coze_api_client.py", line 95, in _handle_request_errors
    yield
  File "D:\hku\NLP\project\Health-Agent\mental\coze_api_client.py", line 263, in send_message_sync
    raise Exception(f"åˆ›å»ºChatå¤±è´¥ï¼šcode={result['code']}, msg={result['msg']}")
Exception: åˆ›å»ºChatå¤±è´¥ï¼šcode=4000, msg=The field conversation_id=invalid_123 provided is not a valid int64. Please check your input.
Traceback (most recent call last):
  File "D:\hku\NLP\project\Health-Agent\mental\coze_api_client.py", line 95, in _handle_request_errors
    yield
  File "D:\hku\NLP\project\Health-Agent\mental\coze_api_client.py", line 263, in send_message_sync
    raise Exception(f"åˆ›å»ºChatå¤±è´¥ï¼šcode={result['code']}, msg={result['msg']}")
Exception: åˆ›å»ºChatå¤±è´¥ï¼šcode=4000, msg=The field conversation_id=invalid_123 provided is not a valid int64. Please check your input.

During handling of the above exception, another exception occurred:

Traceback (most recent call last):
  File "D:\hku\NLP\project\Health-Agent\mental\api_server.py", line 188, in chat
    response_text = coze_client.send_message_sync(message=request.message)
                    ^^^^^^^^^^^^^^^^^^^^^^^^^^^^^^^^^^^^^^^^^^^^^^^^^^^^^^
  File "D:\hku\NLP\project\Health-Agent\mental\coze_api_client.py", line 247, in send_message_sync
    with self._handle_request_errors(
  File "D:\anaconda\Lib\contextlib.py", line 155, in __exit__
    self.gen.throw(typ, value, traceback)
  File "D:\hku\NLP\project\Health-Agent\mental\coze_api_client.py", line 121, in _handle_request_errors
    raise Exception(error_msg)
Exception: 
âŒ åˆ›å»ºChatå¤±è´¥ï¼
é”™è¯¯ç±»å‹: Exception
é”™è¯¯æè¿°: åˆ›å»ºChatå¤±è´¥ï¼šcode=4000, msg=The field conversation_id=invalid_123 provided is not a valid int64. Please check your input.
å¼‚å¸¸å †æ ˆ:
Traceback (most recent call last):
  File "D:\hku\NLP\project\Health-Agent\mental\coze_api_client.py", line 95, in _handle_request_errors
    yield
  File "D:\hku\NLP\project\Health-Agent\mental\coze_api_client.py", line 263, in send_message_sync
    raise Exception(f"åˆ›å»ºChatå¤±è´¥ï¼šcode={result['code']}, msg={result['msg']}")
Exception: åˆ›å»ºChatå¤±è´¥ï¼šcode=4000, msg=The field conversation_id=invalid_123 provided is not a valid int64. Please check your input.

2025-11-15 16:27:01,927 - api_server - INFO - æ­£åœ¨åˆå§‹åŒ–CozeèŠå¤©æœºå™¨äººAPIæœåŠ¡å™¨...
2025-11-15 16:27:02,038 - api_server - INFO - CozeèŠå¤©æœºå™¨äººAPIæœåŠ¡å™¨åˆå§‹åŒ–å®Œæˆ
2025-11-15 16:27:02,038 - api_server - INFO - å½“å‰Bot ID: 7556487944182169641
2025-11-15 16:27:02,038 - api_server - INFO - æœåŠ¡å™¨é…ç½®: {'host': '0.0.0.0', 'port': 6000, 'debug': False, 'allowed_origins': ['*'], 'max_request_size': 10485760}
2025-11-15 16:27:02,805 - api_server - INFO - åŒæ­¥èŠå¤©è¯·æ±‚ - session_id: session_bc4b1ed94c26, user_id: user_demo_10086, message: æˆ‘æ˜¯ä¸€åå­¦ç”Ÿï¼Œæœ€è¿‘è€ƒè¯•å‹åŠ›å¾ˆå¤§ï¼Œæ™šä¸Šç¡ä¸ç€è§‰ï¼Œè¯¥æ€ä¹ˆè°ƒèŠ‚ï¼Ÿ...
2025-11-15 16:27:53,861 - api_server - INFO - åŒæ­¥èŠå¤©å“åº” - session_id: session_bc4b1ed94c26, conv_id: 757286581994948..., response: (ï½¡ï½¥âˆ€ï½¥)ï¾‰ï¾å—¨ äº²çˆ±çš„åŒå­¦ï½ ğŸ«‚

å¬åˆ°ä½ è¯´æœ€è¿‘è€ƒè¯•å‹åŠ›å¾ˆå¤§ï¼Œæ™šä¸Šéƒ½ç¡ä¸ç€è§‰ï¼Œæˆ‘çœŸçš„å¾ˆèƒ½ç†è§£ä½ çš„...
2025-11-15 16:28:28,828 - api_server - INFO - æ­£åœ¨åˆå§‹åŒ–CozeèŠå¤©æœºå™¨äººAPIæœåŠ¡å™¨...
2025-11-15 16:28:28,961 - api_server - INFO - CozeèŠå¤©æœºå™¨äººAPIæœåŠ¡å™¨åˆå§‹åŒ–å®Œæˆ
2025-11-15 16:28:28,961 - api_server - INFO - å½“å‰Bot ID: 7556487944182169641
2025-11-15 16:28:28,961 - api_server - INFO - æœåŠ¡å™¨é…ç½®: {'host': '0.0.0.0', 'port': 6000, 'debug': False, 'allowed_origins': ['*'], 'max_request_size': 10485760}
2025-11-15 16:28:29,717 - api_server - INFO - åŒæ­¥èŠå¤©è¯·æ±‚ - session_id: session_b18a408eb5d9, user_id: user_demo_10086, message: æˆ‘æ˜¯ä¸€åå­¦ç”Ÿï¼Œæœ€è¿‘è€ƒè¯•å‹åŠ›å¾ˆå¤§ï¼Œæ™šä¸Šç¡ä¸ç€è§‰ï¼Œè¯¥æ€ä¹ˆè°ƒèŠ‚ï¼Ÿ...
2025-11-15 16:28:45,103 - api_server - INFO - åŒæ­¥èŠå¤©å“åº” - session_id: session_b18a408eb5d9, conv_id: 757286619207602..., response: (ï½¡ï½¥âˆ€ï½¥)ï¾‰ï¾å—¨ äº²çˆ±çš„åŒå­¦ï½ ğŸ˜Š

æˆ‘èƒ½æ„Ÿå—åˆ°ä½ ç°åœ¨é¢ä¸´ç€å¾ˆå¤§çš„è€ƒè¯•å‹åŠ›ï¼Œæ™šä¸Šç¡ä¸ç€è§‰ç¡®å®å¾ˆè®©äºº...
2025-11-15 16:28:45,110 - api_server - INFO - æµå¼èŠå¤©è¯·æ±‚ - session_id: session_b18a408eb5d9, user_id: user_demo_10086, conv_id: 757286619207602, message: ä½ èƒ½å…·ä½“è¯´è¯´æ—¶é—´ç®¡ç†çš„æ–¹æ³•å—ï¼Ÿæ¯”å¦‚æ€ä¹ˆå¹³è¡¡å¤ä¹ å’Œä¼‘æ¯ï¼Ÿ...
2025-11-15 16:28:45,117 - api_server - INFO - æµå¼èŠå¤© - æ‰‹åŠ¨ç»‘å®šä¼šè¯ID: 757286619207602...
2025-11-15 16:29:07,824 - api_server - INFO - æµå¼èŠå¤©å®Œæˆ - session_id: session_b18a408eb5d9, conv_id: 757286619207602..., total_chunks: 435
2025-11-15 16:29:07,829 - api_server - INFO - ä¼šè¯ç»‘å®šæˆåŠŸ - session_id: session_b18a408eb5d9, conversation_id: 757286619207602...
2025-11-15 16:29:07,838 - api_server - INFO - ä¼šè¯æ¸…é™¤æˆåŠŸ - session_id: session_b18a408eb5d9, conv_id: 757286619207602
2025-11-15 16:29:07,847 - api_server - INFO - åŒæ­¥èŠå¤© - æ‰‹åŠ¨ä¼ å…¥ä¼šè¯ID: invalid_123...
2025-11-15 16:29:07,847 - api_server - INFO - åŒæ­¥èŠå¤©è¯·æ±‚ - session_id: session_9f04c5528c7b, user_id: user_demo_10086, message: æµ‹è¯•æ— æ•ˆä¼šè¯ID...
2025-11-15 16:29:10,718 - api_server - ERROR - åŒæ­¥èŠå¤©å¤„ç†å¤±è´¥: 
âŒ åˆ›å»ºChatå¤±è´¥ï¼
é”™è¯¯ç±»å‹: Exception
é”™è¯¯æè¿°: åˆ›å»ºChatå¤±è´¥ï¼šcode=4000, msg=The field conversation_id=invalid_123 provided is not a valid int64. Please check your input.
å¼‚å¸¸å †æ ˆ:
Traceback (most recent call last):
  File "D:\hku\NLP\project\Health-Agent\mental\coze_api_client.py", line 95, in _handle_request_errors
    yield
  File "D:\hku\NLP\project\Health-Agent\mental\coze_api_client.py", line 263, in send_message_sync
    raise Exception(f"åˆ›å»ºChatå¤±è´¥ï¼šcode={result['code']}, msg={result['msg']}")
Exception: åˆ›å»ºChatå¤±è´¥ï¼šcode=4000, msg=The field conversation_id=invalid_123 provided is not a valid int64. Please check your input.
Traceback (most recent call last):
  File "D:\hku\NLP\project\Health-Agent\mental\coze_api_client.py", line 95, in _handle_request_errors
    yield
  File "D:\hku\NLP\project\Health-Agent\mental\coze_api_client.py", line 263, in send_message_sync
    raise Exception(f"åˆ›å»ºChatå¤±è´¥ï¼šcode={result['code']}, msg={result['msg']}")
Exception: åˆ›å»ºChatå¤±è´¥ï¼šcode=4000, msg=The field conversation_id=invalid_123 provided is not a valid int64. Please check your input.

During handling of the above exception, another exception occurred:

Traceback (most recent call last):
  File "D:\hku\NLP\project\Health-Agent\mental\api_server.py", line 188, in chat
    response_text = coze_client.send_message_sync(message=request.message)
                    ^^^^^^^^^^^^^^^^^^^^^^^^^^^^^^^^^^^^^^^^^^^^^^^^^^^^^^
  File "D:\hku\NLP\project\Health-Agent\mental\coze_api_client.py", line 247, in send_message_sync
    with self._handle_request_errors(
  File "D:\anaconda\Lib\contextlib.py", line 155, in __exit__
    self.gen.throw(typ, value, traceback)
  File "D:\hku\NLP\project\Health-Agent\mental\coze_api_client.py", line 121, in _handle_request_errors
    raise Exception(error_msg)
Exception: 
âŒ åˆ›å»ºChatå¤±è´¥ï¼
é”™è¯¯ç±»å‹: Exception
é”™è¯¯æè¿°: åˆ›å»ºChatå¤±è´¥ï¼šcode=4000, msg=The field conversation_id=invalid_123 provided is not a valid int64. Please check your input.
å¼‚å¸¸å †æ ˆ:
Traceback (most recent call last):
  File "D:\hku\NLP\project\Health-Agent\mental\coze_api_client.py", line 95, in _handle_request_errors
    yield
  File "D:\hku\NLP\project\Health-Agent\mental\coze_api_client.py", line 263, in send_message_sync
    raise Exception(f"åˆ›å»ºChatå¤±è´¥ï¼šcode={result['code']}, msg={result['msg']}")
Exception: åˆ›å»ºChatå¤±è´¥ï¼šcode=4000, msg=The field conversation_id=invalid_123 provided is not a valid int64. Please check your input.

2025-11-15 16:32:00,373 - api_server - INFO - æ­£åœ¨åˆå§‹åŒ–CozeèŠå¤©æœºå™¨äººAPIæœåŠ¡å™¨...
2025-11-15 16:32:00,488 - api_server - INFO - CozeèŠå¤©æœºå™¨äººAPIæœåŠ¡å™¨åˆå§‹åŒ–å®Œæˆ
2025-11-15 16:32:00,488 - api_server - INFO - å½“å‰Bot ID: 7556487944182169641
2025-11-15 16:32:00,488 - api_server - INFO - æœåŠ¡å™¨é…ç½®: {'host': '0.0.0.0', 'port': 6000, 'debug': False, 'allowed_origins': ['*'], 'max_request_size': 10485760}
2025-11-15 16:43:17,524 - api_server - INFO - æ­£åœ¨å…³é—­CozeèŠå¤©æœºå™¨äººAPIæœåŠ¡å™¨...
2025-11-15 16:43:17,524 - api_server - INFO - CozeèŠå¤©æœºå™¨äººAPIæœåŠ¡å™¨å·²å…³é—­
2025-11-15 16:44:09,876 - api_server - INFO - æ­£åœ¨åˆå§‹åŒ–CozeèŠå¤©æœºå™¨äººAPIæœåŠ¡å™¨...
2025-11-15 16:44:09,973 - api_server - INFO - CozeèŠå¤©æœºå™¨äººAPIæœåŠ¡å™¨åˆå§‹åŒ–å®Œæˆ
2025-11-15 16:44:09,973 - api_server - INFO - å½“å‰Bot ID: 7556487944182169641
2025-11-15 16:44:09,973 - api_server - INFO - æœåŠ¡å™¨é…ç½®: {'host': '0.0.0.0', 'port': 6000, 'debug': False, 'allowed_origins': ['*'], 'max_request_size': 10485760}
2025-11-15 16:44:55,139 - api_server - INFO - æ­£åœ¨å…³é—­CozeèŠå¤©æœºå™¨äººAPIæœåŠ¡å™¨...
2025-11-15 16:44:55,139 - api_server - INFO - CozeèŠå¤©æœºå™¨äººAPIæœåŠ¡å™¨å·²å…³é—­
2025-11-15 16:45:12,341 - api_server - INFO - æ­£åœ¨åˆå§‹åŒ–CozeèŠå¤©æœºå™¨äººAPIæœåŠ¡å™¨...
2025-11-15 16:45:12,620 - api_server - INFO - CozeèŠå¤©æœºå™¨äººAPIæœåŠ¡å™¨åˆå§‹åŒ–å®Œæˆ
2025-11-15 16:45:12,622 - api_server - INFO - å½“å‰Bot ID: 7556487944182169641
2025-11-15 16:45:12,622 - api_server - INFO - æœåŠ¡å™¨é…ç½®: {'host': '0.0.0.0', 'port': 6001, 'debug': False, 'allowed_origins': ['*'], 'max_request_size': 10485760}
2025-11-15 16:46:02,969 - api_server - INFO - æ­£åœ¨å…³é—­CozeèŠå¤©æœºå™¨äººAPIæœåŠ¡å™¨...
2025-11-15 16:46:02,969 - api_server - INFO - CozeèŠå¤©æœºå™¨äººAPIæœåŠ¡å™¨å·²å…³é—­
2025-11-15 18:02:53,172 - api_server - INFO - æ­£åœ¨åˆå§‹åŒ–CozeèŠå¤©æœºå™¨äººAPIæœåŠ¡å™¨...
2025-11-15 18:02:53,292 - api_server - INFO - CozeèŠå¤©æœºå™¨äººAPIæœåŠ¡å™¨åˆå§‹åŒ–å®Œæˆ
2025-11-15 18:02:53,293 - api_server - INFO - å½“å‰Bot ID: 7556487944182169641
2025-11-15 18:02:53,293 - api_server - INFO - æœåŠ¡å™¨é…ç½®: {'host': '0.0.0.0', 'port': 6001, 'debug': False, 'allowed_origins': ['*'], 'max_request_size': 10485760}
2025-11-15 18:02:54,137 - api_server - INFO - åŒæ­¥èŠå¤©è¯·æ±‚ - session_id: session_6d3ffca193bf, user_id: user_demo_10086, message: æˆ‘æ˜¯ä¸€åå­¦ç”Ÿï¼Œæœ€è¿‘è€ƒè¯•å‹åŠ›å¾ˆå¤§ï¼Œæ™šä¸Šç¡ä¸ç€è§‰ï¼Œè¯¥æ€ä¹ˆè°ƒèŠ‚ï¼Ÿ...
2025-11-15 18:03:11,844 - api_server - INFO - åŒæ­¥èŠå¤©å“åº” - session_id: session_6d3ffca193bf, conv_id: 757289052292040..., response: (ï½¡ï½¥âˆ€ï½¥)ï¾‰ï¾å—¨ äº²çˆ±çš„åŒå­¦ï½ ğŸ˜Š

æˆ‘èƒ½æ„Ÿå—åˆ°ä½ ç°åœ¨ä¸€å®šå¾ˆç„¦è™‘å’Œç–²æƒ«å§ ğŸ˜” è€ƒè¯•å‹åŠ›å¤§ç¡®å®ä¼šè®©äºº...
2025-11-15 18:03:11,852 - api_server - INFO - æµå¼èŠå¤©è¯·æ±‚ - session_id: session_6d3ffca193bf, user_id: user_demo_10086, conv_id: 757289052292040, message: ä½ èƒ½å…·ä½“è¯´è¯´æ—¶é—´ç®¡ç†çš„æ–¹æ³•å—ï¼Ÿæ¯”å¦‚æ€ä¹ˆå¹³è¡¡å¤ä¹ å’Œä¼‘æ¯ï¼Ÿ...
2025-11-15 18:03:11,860 - api_server - INFO - æµå¼èŠå¤© - æ‰‹åŠ¨ç»‘å®šä¼šè¯ID: 757289052292040...
2025-11-15 18:03:29,780 - api_server - INFO - æµå¼èŠå¤©å®Œæˆ - session_id: session_6d3ffca193bf, conv_id: 757289052292040..., total_chunks: 279
2025-11-15 18:03:29,786 - api_server - INFO - ä¼šè¯ç»‘å®šæˆåŠŸ - session_id: session_6d3ffca193bf, conversation_id: 757289052292040...
2025-11-15 18:03:29,805 - api_server - INFO - ä¼šè¯æ¸…é™¤æˆåŠŸ - session_id: session_6d3ffca193bf, conv_id: 757289052292040
2025-11-15 18:03:29,815 - api_server - INFO - åŒæ­¥èŠå¤© - æ‰‹åŠ¨ä¼ å…¥ä¼šè¯ID: invalid_123...
2025-11-15 18:03:29,815 - api_server - INFO - åŒæ­¥èŠå¤©è¯·æ±‚ - session_id: session_31f6176e3f99, user_id: user_demo_10086, message: æµ‹è¯•æ— æ•ˆä¼šè¯ID...
2025-11-15 18:03:32,371 - api_server - ERROR - åŒæ­¥èŠå¤©å¤„ç†å¤±è´¥: 
âŒ åˆ›å»ºChatå¤±è´¥ï¼
é”™è¯¯ç±»å‹: Exception
é”™è¯¯æè¿°: åˆ›å»ºChatå¤±è´¥ï¼šcode=4000, msg=The field conversation_id=invalid_123 provided is not a valid int64. Please check your input.
å¼‚å¸¸å †æ ˆ:
Traceback (most recent call last):
  File "D:\hku\NLP\project\Health-Agent\mental\coze_api_client.py", line 95, in _handle_request_errors
    yield
  File "D:\hku\NLP\project\Health-Agent\mental\coze_api_client.py", line 263, in send_message_sync
    raise Exception(f"åˆ›å»ºChatå¤±è´¥ï¼šcode={result['code']}, msg={result['msg']}")
Exception: åˆ›å»ºChatå¤±è´¥ï¼šcode=4000, msg=The field conversation_id=invalid_123 provided is not a valid int64. Please check your input.
Traceback (most recent call last):
  File "D:\hku\NLP\project\Health-Agent\mental\coze_api_client.py", line 95, in _handle_request_errors
    yield
  File "D:\hku\NLP\project\Health-Agent\mental\coze_api_client.py", line 263, in send_message_sync
    raise Exception(f"åˆ›å»ºChatå¤±è´¥ï¼šcode={result['code']}, msg={result['msg']}")
Exception: åˆ›å»ºChatå¤±è´¥ï¼šcode=4000, msg=The field conversation_id=invalid_123 provided is not a valid int64. Please check your input.

During handling of the above exception, another exception occurred:

Traceback (most recent call last):
  File "D:\hku\NLP\project\Health-Agent\mental\api_server.py", line 188, in chat
    response_text = coze_client.send_message_sync(message=request.message)
                    ^^^^^^^^^^^^^^^^^^^^^^^^^^^^^^^^^^^^^^^^^^^^^^^^^^^^^^
  File "D:\hku\NLP\project\Health-Agent\mental\coze_api_client.py", line 247, in send_message_sync
    with self._handle_request_errors(
  File "D:\anaconda\Lib\contextlib.py", line 155, in __exit__
    self.gen.throw(typ, value, traceback)
  File "D:\hku\NLP\project\Health-Agent\mental\coze_api_client.py", line 121, in _handle_request_errors
    raise Exception(error_msg)
Exception: 
âŒ åˆ›å»ºChatå¤±è´¥ï¼
é”™è¯¯ç±»å‹: Exception
é”™è¯¯æè¿°: åˆ›å»ºChatå¤±è´¥ï¼šcode=4000, msg=The field conversation_id=invalid_123 provided is not a valid int64. Please check your input.
å¼‚å¸¸å †æ ˆ:
Traceback (most recent call last):
  File "D:\hku\NLP\project\Health-Agent\mental\coze_api_client.py", line 95, in _handle_request_errors
    yield
  File "D:\hku\NLP\project\Health-Agent\mental\coze_api_client.py", line 263, in send_message_sync
    raise Exception(f"åˆ›å»ºChatå¤±è´¥ï¼šcode={result['code']}, msg={result['msg']}")
Exception: åˆ›å»ºChatå¤±è´¥ï¼šcode=4000, msg=The field conversation_id=invalid_123 provided is not a valid int64. Please check your input.

2025-11-15 22:03:23,393 - api_server - INFO - æ­£åœ¨åˆå§‹åŒ–CozeèŠå¤©æœºå™¨äººAPIæœåŠ¡å™¨...
2025-11-15 22:03:23,501 - api_server - INFO - CozeèŠå¤©æœºå™¨äººAPIæœåŠ¡å™¨åˆå§‹åŒ–å®Œæˆ
2025-11-15 22:03:23,501 - api_server - INFO - å½“å‰Bot ID: 7556487944182169641
2025-11-15 22:03:23,502 - api_server - INFO - æœåŠ¡å™¨é…ç½®: {'host': '0.0.0.0', 'port': 6001, 'debug': False, 'allowed_origins': ['*'], 'max_request_size': 10485760}
2025-11-15 22:03:52,567 - api_server - INFO - æ­£åœ¨å…³é—­CozeèŠå¤©æœºå™¨äººAPIæœåŠ¡å™¨...
2025-11-15 22:03:52,567 - api_server - INFO - CozeèŠå¤©æœºå™¨äººAPIæœåŠ¡å™¨å·²å…³é—­
2025-11-15 22:03:59,435 - api_server - INFO - æ­£åœ¨åˆå§‹åŒ–CozeèŠå¤©æœºå™¨äººAPIæœåŠ¡å™¨...
2025-11-15 22:03:59,544 - api_server - INFO - CozeèŠå¤©æœºå™¨äººAPIæœåŠ¡å™¨åˆå§‹åŒ–å®Œæˆ
2025-11-15 22:03:59,544 - api_server - INFO - å½“å‰Bot ID: 7556487944182169641
2025-11-15 22:03:59,544 - api_server - INFO - æœåŠ¡å™¨é…ç½®: {'host': '0.0.0.0', 'port': 6001, 'debug': False, 'allowed_origins': ['*'], 'max_request_size': 10485760}
2025-11-15 22:04:00,374 - api_server - INFO - åŒæ­¥èŠå¤©è¯·æ±‚ - session_id: session_bbeaebea2416, user_id: user_demo_10086, message: æˆ‘æ˜¯ä¸€åå­¦ç”Ÿï¼Œæœ€è¿‘è€ƒè¯•å‹åŠ›å¾ˆå¤§ï¼Œæ™šä¸Šç¡ä¸ç€è§‰ï¼Œè¯¥æ€ä¹ˆè°ƒèŠ‚ï¼Ÿ...
2025-11-15 22:04:18,114 - api_server - INFO - åŒæ­¥èŠå¤©å“åº” - session_id: session_bbeaebea2416, conv_id: 757295265388665..., response: (ï½¡ï½¥âˆ€ï½¥)ï¾‰ï¾å—¨ äº²çˆ±çš„åŒå­¦ï½æˆ‘èƒ½æ„Ÿå—åˆ°ä½ ç°åœ¨æ­£ç»å†ç€å¾ˆå¤§çš„è€ƒè¯•å‹åŠ›å‘¢ ğŸ˜”

ä»ä½ çš„æè¿°ä¸­ï¼Œæˆ‘èƒ½çœ‹...
2025-11-15 22:04:18,119 - api_server - INFO - æµå¼èŠå¤©è¯·æ±‚ - session_id: session_bbeaebea2416, user_id: user_demo_10086, conv_id: 757295265388665, message: ä½ èƒ½å…·ä½“è¯´è¯´æ—¶é—´ç®¡ç†çš„æ–¹æ³•å—ï¼Ÿæ¯”å¦‚æ€ä¹ˆå¹³è¡¡å¤ä¹ å’Œä¼‘æ¯ï¼Ÿ...
2025-11-15 22:04:18,127 - api_server - INFO - æµå¼èŠå¤© - æ‰‹åŠ¨ç»‘å®šä¼šè¯ID: 757295265388665...
2025-11-15 22:04:36,933 - api_server - INFO - æµå¼èŠå¤©å®Œæˆ - session_id: session_bbeaebea2416, conv_id: 757295265388665..., total_chunks: 361
2025-11-15 22:04:36,938 - api_server - INFO - ä¼šè¯ç»‘å®šæˆåŠŸ - session_id: session_bbeaebea2416, conversation_id: 757295265388665...
2025-11-15 22:12:06,777 - api_server - INFO - æ­£åœ¨åˆå§‹åŒ–CozeèŠå¤©æœºå™¨äººAPIæœåŠ¡å™¨...
2025-11-15 22:12:06,872 - api_server - INFO - CozeèŠå¤©æœºå™¨äººAPIæœåŠ¡å™¨åˆå§‹åŒ–å®Œæˆ
2025-11-15 22:12:06,873 - api_server - INFO - å½“å‰Bot ID: 7556487944182169641
2025-11-15 22:12:06,873 - api_server - INFO - æœåŠ¡å™¨é…ç½®: {'host': '0.0.0.0', 'port': 6001, 'debug': False, 'allowed_origins': ['*'], 'max_request_size': 10485760}
2025-11-15 22:12:07,765 - api_server - INFO - åŒæ­¥èŠå¤©è¯·æ±‚ - session_id: session_c9cc6e818648, user_id: user_demo_10086, message: I feel so stressed out right now....
2025-11-15 22:12:33,550 - api_server - INFO - åŒæ­¥èŠå¤©å“åº” - session_id: session_c9cc6e818648, conv_id: 757295474562513..., response: (ï½¡ï½¥âˆ€ï½¥)ï¾‰ï¾å—¨ äº²çˆ±çš„ï¼Œæˆ‘èƒ½æ„Ÿå—åˆ°ä½ ç°åœ¨æ‰¿å—ç€å¾ˆå¤§çš„å‹åŠ›å‘¢ ğŸ˜”

æˆ‘å¤ªæ‡‚é‚£ç§å‹åŠ›åƒå°çŸ³å—å †åœ¨èƒ¸å£...
2025-11-15 22:12:33,557 - api_server - INFO - æµå¼èŠå¤©è¯·æ±‚ - session_id: session_c9cc6e818648, user_id: user_demo_10086, conv_id: 757295474562513, message: I am hurted by a friend....
2025-11-15 22:12:33,565 - api_server - INFO - æµå¼èŠå¤© - æ‰‹åŠ¨ç»‘å®šä¼šè¯ID: 757295474562513...
2025-11-15 22:13:39,089 - api_server - INFO - æµå¼èŠå¤©å®Œæˆ - session_id: session_c9cc6e818648, conv_id: 757295474562513..., total_chunks: 101
2025-11-15 22:13:39,096 - api_server - INFO - ä¼šè¯ç»‘å®šæˆåŠŸ - session_id: session_c9cc6e818648, conversation_id: 757295474562513...
2025-11-15 22:14:50,936 - api_server - INFO - æ­£åœ¨åˆå§‹åŒ–CozeèŠå¤©æœºå™¨äººAPIæœåŠ¡å™¨...
2025-11-15 22:14:51,057 - api_server - INFO - CozeèŠå¤©æœºå™¨äººAPIæœåŠ¡å™¨åˆå§‹åŒ–å®Œæˆ
2025-11-15 22:14:51,057 - api_server - INFO - å½“å‰Bot ID: 7556487944182169641
2025-11-15 22:14:51,057 - api_server - INFO - æœåŠ¡å™¨é…ç½®: {'host': '0.0.0.0', 'port': 6001, 'debug': False, 'allowed_origins': ['*'], 'max_request_size': 10485760}
2025-11-15 22:14:51,966 - api_server - INFO - åŒæ­¥èŠå¤©è¯·æ±‚ - session_id: session_a23c0444fadf, user_id: user_demo_10086, message: I feel so stressed out right now....
2025-11-15 22:18:30,279 - api_server - INFO - æ­£åœ¨åˆå§‹åŒ–CozeèŠå¤©æœºå™¨äººAPIæœåŠ¡å™¨...
2025-11-15 22:18:30,392 - api_server - INFO - CozeèŠå¤©æœºå™¨äººAPIæœåŠ¡å™¨åˆå§‹åŒ–å®Œæˆ
2025-11-15 22:18:30,392 - api_server - INFO - å½“å‰Bot ID: 7556487944182169641
2025-11-15 22:18:30,392 - api_server - INFO - æœåŠ¡å™¨é…ç½®: {'host': '0.0.0.0', 'port': 6001, 'debug': False, 'allowed_origins': ['*'], 'max_request_size': 10485760}
2025-11-16 11:12:07,863 - api_server - INFO - æ­£åœ¨å…³é—­CozeèŠå¤©æœºå™¨äººAPIæœåŠ¡å™¨...
2025-11-16 11:12:07,863 - api_server - INFO - CozeèŠå¤©æœºå™¨äººAPIæœåŠ¡å™¨å·²å…³é—­
2025-11-16 11:12:31,340 - api_server - INFO - æ­£åœ¨åˆå§‹åŒ–CozeèŠå¤©æœºå™¨äººAPIæœåŠ¡å™¨...
2025-11-16 11:12:31,476 - api_server - INFO - CozeèŠå¤©æœºå™¨äººAPIæœåŠ¡å™¨åˆå§‹åŒ–å®Œæˆ
2025-11-16 11:12:31,476 - api_server - INFO - å½“å‰Bot ID: 7556487944182169641
2025-11-16 11:12:31,476 - api_server - INFO - æœåŠ¡å™¨é…ç½®: {'host': '0.0.0.0', 'port': 6001, 'debug': False, 'allowed_origins': ['*'], 'max_request_size': 10485760}
2025-11-16 11:20:28,542 - api_server - INFO - TTSè¯·æ±‚ - task_id: tts_task_eb580c69dec84a7f, voice_id: string..., text_length: 15å­—èŠ‚
2025-11-16 11:20:28,542 - api_server - ERROR - TTSå¤„ç†å¤±è´¥ - task_id: tts_task_eb580c69dec84a7f, error: 'CozeAPIClient' object has no attribute 'text_to_speech'
Traceback (most recent call last):
  File "D:\hku\NLP\project\Health-Agent\mental\api_server.py", line 590, in text_to_speech
    audio_stream = coze_client.text_to_speech(
                   ^^^^^^^^^^^^^^^^^^^^^^^^^^
AttributeError: 'CozeAPIClient' object has no attribute 'text_to_speech'
2025-11-16 11:45:33,565 - api_server - INFO - æ­£åœ¨å…³é—­CozeèŠå¤©æœºå™¨äººAPIæœåŠ¡å™¨...
2025-11-16 11:45:33,565 - api_server - INFO - CozeèŠå¤©æœºå™¨äººAPIæœåŠ¡å™¨å·²å…³é—­
