2025-11-15 16:22:17,678 - api_server - INFO - æ­£åœ¨åˆå§‹åŒ–CozeèŠå¤©æœºå™¨äººAPIæœåŠ¡å™¨...
2025-11-15 16:22:17,804 - api_server - INFO - CozeèŠå¤©æœºå™¨äººAPIæœåŠ¡å™¨åˆå§‹åŒ–å®Œæˆ
2025-11-15 16:22:17,805 - api_server - INFO - å½“å‰Bot ID: 7556487944182169641
2025-11-15 16:22:17,805 - api_server - INFO - æœåŠ¡å™¨é…ç½®: {'host': '0.0.0.0', 'port': 8000, 'debug': False, 'allowed_origins': ['*'], 'max_request_size': 10485760}
2025-11-15 16:22:18,569 - api_server - INFO - åŒæ­¥èŠå¤©è¯·æ±‚ - session_id: session_d255df8a4540, user_id: user_demo_10086, message: æˆ‘æ˜¯ä¸€åå­¦ç”Ÿï¼Œæœ€è¿‘è€ƒè¯•å‹åŠ›å¾ˆå¤§ï¼Œæ™šä¸Šç¡ä¸ç€è§‰ï¼Œè¯¥æ€ä¹ˆè°ƒèŠ‚ï¼Ÿ...
2025-11-15 16:22:31,434 - api_server - INFO - åŒæ­¥èŠå¤©å“åº” - session_id: session_d255df8a4540, conv_id: 757286459715015..., response: (ï½¡ï½¥âˆ€ï½¥)ï¾‰ï¾å—¨ äº²çˆ±çš„åŒå­¦ï½å¬åˆ°ä½ å› ä¸ºè€ƒè¯•å‹åŠ›å¤§è€Œå¤±çœ ï¼Œæˆ‘çœŸçš„å¾ˆå¿ƒç–¼ä½ å‘¢ ğŸ˜”

ä½œä¸ºä¸€åå­¦ç”Ÿï¼Œé¢...
2025-11-15 16:22:31,442 - api_server - INFO - æµå¼èŠå¤©è¯·æ±‚ - session_id: session_d255df8a4540, user_id: user_demo_10086, conv_id: 757286459715015, message: ä½ èƒ½å…·ä½“è¯´è¯´æ—¶é—´ç®¡ç†çš„æ–¹æ³•å—ï¼Ÿæ¯”å¦‚æ€ä¹ˆå¹³è¡¡å¤ä¹ å’Œä¼‘æ¯ï¼Ÿ...
2025-11-15 16:22:31,449 - api_server - INFO - æµå¼èŠå¤© - æ‰‹åŠ¨ç»‘å®šä¼šè¯ID: 757286459715015...
2025-11-15 16:22:50,612 - api_server - INFO - æµå¼èŠå¤©å®Œæˆ - session_id: session_d255df8a4540, conv_id: 757286459715015..., total_chunks: 316
2025-11-15 16:22:50,616 - api_server - INFO - ä¼šè¯ç»‘å®šæˆåŠŸ - session_id: session_d255df8a4540, conversation_id: 757286459715015...
2025-11-15 16:22:50,627 - api_server - INFO - ä¼šè¯æ¸…é™¤æˆåŠŸ - session_id: session_d255df8a4540, conv_id: 757286459715015
2025-11-15 16:22:50,636 - api_server - INFO - åŒæ­¥èŠå¤© - æ‰‹åŠ¨ä¼ å…¥ä¼šè¯ID: invalid_123...
2025-11-15 16:22:50,636 - api_server - INFO - åŒæ­¥èŠå¤©è¯·æ±‚ - session_id: session_1cb8b5fe1460, user_id: user_demo_10086, message: æµ‹è¯•æ— æ•ˆä¼šè¯ID...
2025-11-15 16:22:51,635 - api_server - ERROR - åŒæ­¥èŠå¤©å¤„ç†å¤±è´¥: 
âŒ åˆ›å»ºChatå¤±è´¥ï¼
é”™è¯¯ç±»å‹: Exception
é”™è¯¯æè¿°: åˆ›å»ºChatå¤±è´¥ï¼šcode=4000, msg=The field conversation_id=invalid_123 provided is not a valid int64. Please check your input.
å¼‚å¸¸å †æ ˆ:
Traceback (most recent call last):
  File "D:\hku\NLP\project\Health-Agent\mental\coze_api_client.py", line 95, in _handle_request_errors
    yield
  File "D:\hku\NLP\project\Health-Agent\mental\coze_api_client.py", line 263, in send_message_sync
    raise Exception(f"åˆ›å»ºChatå¤±è´¥ï¼šcode={result['code']}, msg={result['msg']}")
Exception: åˆ›å»ºChatå¤±è´¥ï¼šcode=4000, msg=The field conversation_id=invalid_123 provided is not a valid int64. Please check your input.
Traceback (most recent call last):
  File "D:\hku\NLP\project\Health-Agent\mental\coze_api_client.py", line 95, in _handle_request_errors
    yield
  File "D:\hku\NLP\project\Health-Agent\mental\coze_api_client.py", line 263, in send_message_sync
    raise Exception(f"åˆ›å»ºChatå¤±è´¥ï¼šcode={result['code']}, msg={result['msg']}")
Exception: åˆ›å»ºChatå¤±è´¥ï¼šcode=4000, msg=The field conversation_id=invalid_123 provided is not a valid int64. Please check your input.

During handling of the above exception, another exception occurred:

Traceback (most recent call last):
  File "D:\hku\NLP\project\Health-Agent\mental\api_server.py", line 188, in chat
    response_text = coze_client.send_message_sync(message=request.message)
                    ^^^^^^^^^^^^^^^^^^^^^^^^^^^^^^^^^^^^^^^^^^^^^^^^^^^^^^
  File "D:\hku\NLP\project\Health-Agent\mental\coze_api_client.py", line 247, in send_message_sync
    with self._handle_request_errors(
  File "D:\anaconda\Lib\contextlib.py", line 155, in __exit__
    self.gen.throw(typ, value, traceback)
  File "D:\hku\NLP\project\Health-Agent\mental\coze_api_client.py", line 121, in _handle_request_errors
    raise Exception(error_msg)
Exception: 
âŒ åˆ›å»ºChatå¤±è´¥ï¼
é”™è¯¯ç±»å‹: Exception
é”™è¯¯æè¿°: åˆ›å»ºChatå¤±è´¥ï¼šcode=4000, msg=The field conversation_id=invalid_123 provided is not a valid int64. Please check your input.
å¼‚å¸¸å †æ ˆ:
Traceback (most recent call last):
  File "D:\hku\NLP\project\Health-Agent\mental\coze_api_client.py", line 95, in _handle_request_errors
    yield
  File "D:\hku\NLP\project\Health-Agent\mental\coze_api_client.py", line 263, in send_message_sync
    raise Exception(f"åˆ›å»ºChatå¤±è´¥ï¼šcode={result['code']}, msg={result['msg']}")
Exception: åˆ›å»ºChatå¤±è´¥ï¼šcode=4000, msg=The field conversation_id=invalid_123 provided is not a valid int64. Please check your input.

2025-11-15 16:27:01,927 - api_server - INFO - æ­£åœ¨åˆå§‹åŒ–CozeèŠå¤©æœºå™¨äººAPIæœåŠ¡å™¨...
2025-11-15 16:27:02,038 - api_server - INFO - CozeèŠå¤©æœºå™¨äººAPIæœåŠ¡å™¨åˆå§‹åŒ–å®Œæˆ
2025-11-15 16:27:02,038 - api_server - INFO - å½“å‰Bot ID: 7556487944182169641
2025-11-15 16:27:02,038 - api_server - INFO - æœåŠ¡å™¨é…ç½®: {'host': '0.0.0.0', 'port': 6000, 'debug': False, 'allowed_origins': ['*'], 'max_request_size': 10485760}
2025-11-15 16:27:02,805 - api_server - INFO - åŒæ­¥èŠå¤©è¯·æ±‚ - session_id: session_bc4b1ed94c26, user_id: user_demo_10086, message: æˆ‘æ˜¯ä¸€åå­¦ç”Ÿï¼Œæœ€è¿‘è€ƒè¯•å‹åŠ›å¾ˆå¤§ï¼Œæ™šä¸Šç¡ä¸ç€è§‰ï¼Œè¯¥æ€ä¹ˆè°ƒèŠ‚ï¼Ÿ...
2025-11-15 16:27:53,861 - api_server - INFO - åŒæ­¥èŠå¤©å“åº” - session_id: session_bc4b1ed94c26, conv_id: 757286581994948..., response: (ï½¡ï½¥âˆ€ï½¥)ï¾‰ï¾å—¨ äº²çˆ±çš„åŒå­¦ï½ ğŸ«‚

å¬åˆ°ä½ è¯´æœ€è¿‘è€ƒè¯•å‹åŠ›å¾ˆå¤§ï¼Œæ™šä¸Šéƒ½ç¡ä¸ç€è§‰ï¼Œæˆ‘çœŸçš„å¾ˆèƒ½ç†è§£ä½ çš„...
2025-11-15 16:28:28,828 - api_server - INFO - æ­£åœ¨åˆå§‹åŒ–CozeèŠå¤©æœºå™¨äººAPIæœåŠ¡å™¨...
2025-11-15 16:28:28,961 - api_server - INFO - CozeèŠå¤©æœºå™¨äººAPIæœåŠ¡å™¨åˆå§‹åŒ–å®Œæˆ
2025-11-15 16:28:28,961 - api_server - INFO - å½“å‰Bot ID: 7556487944182169641
2025-11-15 16:28:28,961 - api_server - INFO - æœåŠ¡å™¨é…ç½®: {'host': '0.0.0.0', 'port': 6000, 'debug': False, 'allowed_origins': ['*'], 'max_request_size': 10485760}
2025-11-15 16:28:29,717 - api_server - INFO - åŒæ­¥èŠå¤©è¯·æ±‚ - session_id: session_b18a408eb5d9, user_id: user_demo_10086, message: æˆ‘æ˜¯ä¸€åå­¦ç”Ÿï¼Œæœ€è¿‘è€ƒè¯•å‹åŠ›å¾ˆå¤§ï¼Œæ™šä¸Šç¡ä¸ç€è§‰ï¼Œè¯¥æ€ä¹ˆè°ƒèŠ‚ï¼Ÿ...
2025-11-15 16:28:45,103 - api_server - INFO - åŒæ­¥èŠå¤©å“åº” - session_id: session_b18a408eb5d9, conv_id: 757286619207602..., response: (ï½¡ï½¥âˆ€ï½¥)ï¾‰ï¾å—¨ äº²çˆ±çš„åŒå­¦ï½ ğŸ˜Š

æˆ‘èƒ½æ„Ÿå—åˆ°ä½ ç°åœ¨é¢ä¸´ç€å¾ˆå¤§çš„è€ƒè¯•å‹åŠ›ï¼Œæ™šä¸Šç¡ä¸ç€è§‰ç¡®å®å¾ˆè®©äºº...
2025-11-15 16:28:45,110 - api_server - INFO - æµå¼èŠå¤©è¯·æ±‚ - session_id: session_b18a408eb5d9, user_id: user_demo_10086, conv_id: 757286619207602, message: ä½ èƒ½å…·ä½“è¯´è¯´æ—¶é—´ç®¡ç†çš„æ–¹æ³•å—ï¼Ÿæ¯”å¦‚æ€ä¹ˆå¹³è¡¡å¤ä¹ å’Œä¼‘æ¯ï¼Ÿ...
2025-11-15 16:28:45,117 - api_server - INFO - æµå¼èŠå¤© - æ‰‹åŠ¨ç»‘å®šä¼šè¯ID: 757286619207602...
2025-11-15 16:29:07,824 - api_server - INFO - æµå¼èŠå¤©å®Œæˆ - session_id: session_b18a408eb5d9, conv_id: 757286619207602..., total_chunks: 435
2025-11-15 16:29:07,829 - api_server - INFO - ä¼šè¯ç»‘å®šæˆåŠŸ - session_id: session_b18a408eb5d9, conversation_id: 757286619207602...
2025-11-15 16:29:07,838 - api_server - INFO - ä¼šè¯æ¸…é™¤æˆåŠŸ - session_id: session_b18a408eb5d9, conv_id: 757286619207602
2025-11-15 16:29:07,847 - api_server - INFO - åŒæ­¥èŠå¤© - æ‰‹åŠ¨ä¼ å…¥ä¼šè¯ID: invalid_123...
2025-11-15 16:29:07,847 - api_server - INFO - åŒæ­¥èŠå¤©è¯·æ±‚ - session_id: session_9f04c5528c7b, user_id: user_demo_10086, message: æµ‹è¯•æ— æ•ˆä¼šè¯ID...
2025-11-15 16:29:10,718 - api_server - ERROR - åŒæ­¥èŠå¤©å¤„ç†å¤±è´¥: 
âŒ åˆ›å»ºChatå¤±è´¥ï¼
é”™è¯¯ç±»å‹: Exception
é”™è¯¯æè¿°: åˆ›å»ºChatå¤±è´¥ï¼šcode=4000, msg=The field conversation_id=invalid_123 provided is not a valid int64. Please check your input.
å¼‚å¸¸å †æ ˆ:
Traceback (most recent call last):
  File "D:\hku\NLP\project\Health-Agent\mental\coze_api_client.py", line 95, in _handle_request_errors
    yield
  File "D:\hku\NLP\project\Health-Agent\mental\coze_api_client.py", line 263, in send_message_sync
    raise Exception(f"åˆ›å»ºChatå¤±è´¥ï¼šcode={result['code']}, msg={result['msg']}")
Exception: åˆ›å»ºChatå¤±è´¥ï¼šcode=4000, msg=The field conversation_id=invalid_123 provided is not a valid int64. Please check your input.
Traceback (most recent call last):
  File "D:\hku\NLP\project\Health-Agent\mental\coze_api_client.py", line 95, in _handle_request_errors
    yield
  File "D:\hku\NLP\project\Health-Agent\mental\coze_api_client.py", line 263, in send_message_sync
    raise Exception(f"åˆ›å»ºChatå¤±è´¥ï¼šcode={result['code']}, msg={result['msg']}")
Exception: åˆ›å»ºChatå¤±è´¥ï¼šcode=4000, msg=The field conversation_id=invalid_123 provided is not a valid int64. Please check your input.

During handling of the above exception, another exception occurred:

Traceback (most recent call last):
  File "D:\hku\NLP\project\Health-Agent\mental\api_server.py", line 188, in chat
    response_text = coze_client.send_message_sync(message=request.message)
                    ^^^^^^^^^^^^^^^^^^^^^^^^^^^^^^^^^^^^^^^^^^^^^^^^^^^^^^
  File "D:\hku\NLP\project\Health-Agent\mental\coze_api_client.py", line 247, in send_message_sync
    with self._handle_request_errors(
  File "D:\anaconda\Lib\contextlib.py", line 155, in __exit__
    self.gen.throw(typ, value, traceback)
  File "D:\hku\NLP\project\Health-Agent\mental\coze_api_client.py", line 121, in _handle_request_errors
    raise Exception(error_msg)
Exception: 
âŒ åˆ›å»ºChatå¤±è´¥ï¼
é”™è¯¯ç±»å‹: Exception
é”™è¯¯æè¿°: åˆ›å»ºChatå¤±è´¥ï¼šcode=4000, msg=The field conversation_id=invalid_123 provided is not a valid int64. Please check your input.
å¼‚å¸¸å †æ ˆ:
Traceback (most recent call last):
  File "D:\hku\NLP\project\Health-Agent\mental\coze_api_client.py", line 95, in _handle_request_errors
    yield
  File "D:\hku\NLP\project\Health-Agent\mental\coze_api_client.py", line 263, in send_message_sync
    raise Exception(f"åˆ›å»ºChatå¤±è´¥ï¼šcode={result['code']}, msg={result['msg']}")
Exception: åˆ›å»ºChatå¤±è´¥ï¼šcode=4000, msg=The field conversation_id=invalid_123 provided is not a valid int64. Please check your input.

